// Jest Snapshot v1, https://goo.gl/fbAQLP

exports[`Feed correctly 1`] = `
"<?xml version=\\"1.0\\" encoding=\\"utf-8\\" ?>
<feed xmlns=\\"http://www.w3.org/2005/Atom\\" xml:lang=\\"ja\\">
<title>学ぶ、考える、書き出す。</title>
<id>tag:blog.kubosho.com,2014:feed</id>
<author>
  <name>kubosho</name>
</author>
<updated>undefined</updated>
<link rel=\\"alternate\\" href=\\"https://blog.kubosho.com\\"/>
<link rel=\\"self\\" type=\\"application/atom+xml\\" href=\\"https://blog.kubosho.com/feed\\"/>
<entry>
<title>記事の内容が思いつかない症候群</title>
<link href=\\"https://blog.kubosho.com/entry/content-of-article-can-not-think-of-anything-syndrome\\" rel=\\"alternate\\"/>
<id>tag:blog.kubosho.com,2020-05-25:entry://content-of-article-can-not-think-of-anything-syndrome</id>
<content type=\\"html\\">&lt;p&gt;2019 年は丸 1 年ブログの記事を書かず、2018 年も長い記事を書いていなかった。
そのせいか書きたい題材はあるものの、記事の内容が思いつかない、もしくは書こうとしても面倒くさくなるということになっている。&lt;/p&gt;
&lt;p&gt;とはいえ自分の Twitter のタイムラインを見ていると、さまざまな人がブログ・ポッドキャスト・YouTube などといったさまざまな手段で発信している。&lt;/p&gt;
&lt;p&gt;中にはサービスを作って公開している人もいる。&lt;/p&gt;
&lt;p&gt;そういうのを見ると、自分の中に羨ましい・楽しそうという気持ちが芽生えて、ああこの流れに自分も乗っていきたいという気持ちが高まる。
そうしてまずはブログの記事から書こうと思うものの、内容が思いつかない、または書こうとしても面倒くさくなるということが起きる。&lt;/p&gt;
&lt;p&gt;まあこういうのもさらけ出して、自分の中の発信のハードルを下げていって量を出せるようにしていけば、いつか質も伴った発信ができるようになるのかなと思う。
ブログだけでなくせっかく機材が揃っているのでポッドキャストや YouTube などを使った発信というのもしていきたいな。&lt;/p&gt;
</content>
<summary>2019 年は丸 1 年ブログの記事を書かず、2018 年も長い記事を書いていなかった。
</summary>
<published>2020-05-25T00:00:00.000Z</published>
<updated>2020-05-25T00:00:00.000Z</updated>
</entry>
</feed>"
`;
